[Bootstrap]
SetupTitle=Installation
SetupText=Copie des fichiers, veuillez patienter.
CabFile=PHELENIXZIGBEE.CAB
Spawn=Setup1.exe
Uninstal=st6unst.exe
TmpDir=msftqws.pdw
Cabs=1

[Bootstrap Files]
File1=@VB6STKIT.DLL,$(WinSysPathSysFile),,,3/25/99 11:00:00 PM,101888,6.0.84.50
File2=@COMCAT.DLL,$(WinSysPathSysFile),$(DLLSelfRegister),,5/31/98 11:00:00 PM,22288,4.71.1460.1
File3=@ASYCFILT.DLL,$(WinSysPathSysFile),,,3/7/99 11:00:00 PM,147728,2.40.4275.1
File4=@OLEPRO32.DLL,$(WinSysPathSysFile),$(DLLSelfRegister),,3/7/99 11:00:00 PM,164112,5.0.4275.1
File5=@OLEAUT32.DLL,$(WinSysPathSysFile),$(DLLSelfRegister),,4/11/00 11:00:00 PM,598288,2.40.4275.1
File6=@STDOLE2.TLB,$(WinSysPathSysFile),$(TLBRegister),,6/2/99 11:00:00 PM,17920,2.40.4275.1
File7=@msvbvm60.dll,$(WinSysPathSysFile),$(DLLSelfRegister),,2/22/04 9:00:00 PM,1386496,6.0.97.82
File8=@Vb6fr.dll,$(WinSysPath),,$(Shared),10/1/00 11:00:00 PM,119568,6.0.89.88

[IconGroups]
Group0=PHELENIX
PrivateGroup0=-1
Parent0=$(Programs)

[PHELENIX]
Icon1="PHELENIXZIGBEE.exe"
Title1=PHELENIX_ZIGBEE
StartIn1=$(AppPath)

[Setup]
Title=PHELENIX_ZIGBEE
DefaultDir=$(ProgramFiles)\PHELENIX_ZIGBEE
AppExe=PHELENIXZIGBEE.exe
AppToUninstall=PHELENIXZIGBEE.exe

[Setup1 Files]
File1=@CMDLGFR.DLL,$(WinSysPath),,$(Shared),7/12/98 11:00:00 PM,32768,6.0.81.63
File2=@COMDLG32.OCX,$(WinSysPath),$(DLLSelfRegister),$(Shared),3/8/04 9:00:00 PM,152848,6.1.97.82
File3=@DATLSFR.DLL,$(WinSysPath),,$(Shared),7/12/98 11:00:00 PM,30720,6.0.81.63
File4=@MSDATLST.OCX,$(WinSysPath),$(DLLSelfRegister),$(Shared),5/21/00 11:00:00 PM,232640,6.0.84.18
File5=@DATGDFR.DLL,$(WinSysPath),,$(Shared),7/12/98 11:00:00 PM,31232,6.0.81.63
File6=@STDFTFR.DLL,$(WinSysPath),,$(Shared),7/12/98 11:00:00 PM,6656,6.0.81.63
File7=@msstdfmt.dll,$(WinSysPath),$(DLLSelfRegister),$(Shared),7/15/00 5:13:16 PM,118784,6.0.88.4
File8=@MSDATGRD.OCX,$(WinSysPath),$(DLLSelfRegister),$(Shared),12/5/00 11:00:00 PM,262328,6.0.89.88
File9=@MSCAL.OCX,$(WinSysPath),$(DLLSelfRegisterEx),$(Shared),7/13/98 11:00:00 PM,94520,8.0.0.5007
File10=@RCHTXFR.DLL,$(WinSysPath),,$(Shared),7/12/98 10:00:00 PM,34304,6.0.81.63
File11=@RICHED32.DLL,$(WinSysPathSysFile),,,5/7/98 11:00:00 PM,174352,4.0.993.4
File12=@RICHTX32.OCX,$(WinSysPath),$(DLLSelfRegister),$(Shared),3/8/04 9:00:00 PM,212240,6.1.97.82
File13=@CMCT3FR.DLL,$(WinSysPath),$(DLLSelfRegister),$(Shared),7/12/98 11:00:00 PM,28672,6.0.0.8163
File14=@COMCT332.OCX,$(WinSysPath),$(DLLSelfRegister),$(Shared),12/5/00 11:00:00 PM,415176,6.7.0.8988
File15=@MSCC2FR.DLL,$(WinSysPath),,$(Shared),7/12/98 10:00:00 PM,59904,6.0.81.63
File16=@MSCOMCT2.OCX,$(WinSysPath),$(DLLSelfRegister),$(Shared),3/8/04 9:00:00 PM,662288,6.1.97.82
File17=@MSCMCFR.DLL,$(WinSysPath),,$(Shared),7/12/98 10:00:00 PM,141312,6.0.81.63
File18=@MSCOMCTL.OCX,$(WinSysPath),$(DLLSelfRegister),$(Shared),4/15/05 6:58:16 PM,1071088,6.1.97.86
File19=@CMCTLFR.DLL,$(WinSysPath),,$(Shared),7/12/98 11:00:00 PM,89600,6.0.80.22
File20=@COMCTL32.OCX,$(WinSysPath),$(DLLSelfRegister),$(Shared),5/21/00 11:00:00 PM,608448,6.0.81.5
File21=@DBLSTFR.DLL,$(WinSysPath),,$(Shared),7/12/98 11:00:00 PM,31232,6.0.81.63
File22=@DBLIST32.OCX,$(WinSysPath),$(DLLSelfRegister),$(Shared),6/23/98 11:00:00 PM,200496,6.0.81.69
File23=@CMCT2FR.DLL,$(WinSysPath),,$(Shared),7/12/98 11:00:00 PM,20992,6.0.80.22
File24=@COMCT232.OCX,$(WinSysPath),$(DLLSelfRegister),$(Shared),6/23/98 11:00:00 PM,164144,6.0.80.22
File25=@MSCOMFR.DLL,$(WinSysPath),,$(Shared),7/12/98 11:00:00 PM,13824,6.0.81.63
File26=@MSCOMM32.OCX,$(WinSysPath),$(DLLSelfRegister),$(Shared),6/23/98 11:00:00 PM,103744,6.0.81.69
File27=@PHELENIXZIGBEE.exe,$(AppPath),,,1/10/12 3:43:28 PM,155648,1.0.0.0

; Il est possible de supprimer les lignes suivantes afin de libérer 
; de l'espace pour personnaliser ce fichier sur une disquette d'installation 
; complète.
; 
; XXXXXXXXXXXXXXXXXXXXXXXXXXXXXXXXXXXXXXXXXXXXXXXXXXXXXXXXXXXX
; XXXXXXXXXXXXXXXXXXXXXXXXXXXXXXXXXXXXXXXXXXXXXXXXXXXXXXXXXXXX
; XXXXXXXXXXXXXXXXXXXXXXXXXXXXXXXXXXXXXXXXXXXXXXXXXXXXXXXXXXXX
; XXXXXXXXXXXXXXXXXXXXXXXXXXXXXXXXXXXXXXXXXXXXXXXXXXXXXXXXXXXX
; XXXXXXXXXXXXXXXXXXXXXXXXXXXXXXXXXXXXXXXXXXXXXXXXXXXXXXXXXXXX
; XXXXXXXXXXXXXXXXXXXXXXXXXXXXXXXXXXXXXXXXXXXXXXXXXXXXXXXXXXXX
; XXXXXXXXXXXXXXXXXXXXXXXXXXXXXXXXXXXXXXXXXXXXXXXXXXXXXXXXXXXX
; XXXXXXXXXXXXXXXXXXXXXXXXXXXXXXXXXXXXXXXXXXXXXXXXXXXXXXXXXXXX
; XXXXXXXXXXXXXXXXXXXXXXXXXXXXXXXXXXXXXXXXXXXXXXXXXXXXXXXXXXXX
; XXXXXXXXXXXXXXXXXXXXXXXXXXXXXXXXXXXXXXXXXXXXXXXXXXXXXXXXXXXX
; XXXXXXXXXXXXXXXXXXXXXXXXXXXXXXXXXXXXXXXXXXXXXXXXXXXXXXXXXXXX
; XXXXXXXXXXXXXXXXXXXXXXXXXXXXXXXXXXXXXXXXXXXXXXXXXXXXXXXXXXXX
; XXXXXXXXXXXXXXXXXXXXXXXXXXXXXXXXXXXXXXXXXXXXXXXXXXXXXXXXXXXX
; XXXXXXXXXXXXXXXXXXXXXXXXXXXXXXXXXXXXXXXXXXXXXXXXXXXXXXXXXXXX
; XXXXXXXXXXXXXXXXXXXXXXXXXXXXXXXXXXXXXXXXXXXXXXXXXXXXXXXXXXXX
; XXXXXXXXXXXXXXXXXXXXXXXXXXXXXXXXXXXXXXXXXXXXXXXXXXXXXXXXXXXX
; XXXXXXXXXXXXXXXXXXXXXXXXXXXXXXXXXXXXXXXXXXXXXXXXXXXXXXXXXXXX
; XXXXXXXXXXXXXXXXXXXXXXXXXXXXXXXXXXXXXXXXXXXXXXXXXXXXXXXXXXXX
; XXXXXXXXXXXXXXXXXXXXXXXXXXXXXXXXXXXXXXXXXXXXXXXXXXXXXXXXXXXX
; XXXXXXXXXXXXXXXXXXXXXXXXXXXXXXXXXXXXXXXXXXXXXXXXXXXXXXXXXXXX
; XXXXXXXXXXXXXXXXXXXXXXXXXXXXXXXXXXXXXXXXXXXXXXXXXXXXXXXXXXXX
; XXXXXXXXXXXXXXXXXXXXXXXXXXXXXXXXXXXXXXXXXXXXXXXXXXXXXXXXXXXX
; XXXXXXXXXXXXXXXXXXXXXXXXXXXXXXXXXXXXXXXXXXXXXXXXXXXXXXXXXXXX
; XXXXXXXXXXXXXXXXXXXXXXXXXXXXXXXXXXXXXXXXXXXXXXXXXXXXXXXXXXXX
; XXXXXXXXXXXXXXXXXXXXXXXXXXXXXXXXXXXXXXXXXXXXXXXXXXXXXXXXXXXX
; XXXXXXXXXXXXXXXXXXXXXXXXXXXXXXXXXXXXXXXXXXXXXXXXXXXXXXXXXXXX
; XXXXXXXXXXXXXXXXXXXXXXXXXXXXXXXXXXXXXXXXXXXXXXXXXXXXXXXXXXXX
; XXXXXXXXXXXXXXXXXXXXXXXXXXXXXXXXXXXXXXXXXXXXXXXXXXXXXXXXXXXX
; XXXXXXXXXXXXXXXXXXXXXXXXXXXXXXXXXXXXXXXXXXXXXXXXXXXXXXXXXXXX
; XXXXXXXXXXXXXXXXXXXXXXXXXXXXXXXXXXXXXXXXXXXXXXXXXXXXXXXXXXXX
; XXXXXXXXXXXXXXXXXXXXXXXXXXXXXXXXXXXXXXXXXXXXXXXXXXXXXXXXXXXX
; XXXXXXXXXXXXXXXXXXXXXXXXXXXXXXXXXXXXXXXXXXXXXXXXXXXXXXXXXXXX
; XXXXXXXXXXXXXXXXXXXXXXXXXXXXXXXXXXXXXXXXXXXXXXXXXXXXXXXXXXXX
; XXXXXXXXXXXXXXXXXXXXXXXXXXXXXXXXXXXXXXXXXXXXXXXXXXXXXXXXXXXX
; XXXXXXXXXXXXXXXXXXXXXXXXXXXXXXXXXXXXXXXXXXXXXXXXXXXXXXXXXXXX
